===== analyze_run 20260810_211956 =====
Results directory: C:\Users\nikhi\Documents\MATLAB\MPC\RESULTS\run_20260810_211956

--- Run configuration ---
  startDate        : 15-Jan-2025
  simulationDays   : 5
  Req              : 0.00273224
  C_air            : 7.46e+07
  T_room_min       : 19
  T_room_max       : 24
  T_room_max_ECR   : 0
  Weather window   : 15-Jan-2025  ->  19-Jan-2025 23:45:00
  StopTime         : 432000 s

[Warning: Using find_system without the 'Variants' argument skips inactive Variant Subsystem blocks in the search. This behavior will change
in a future release to look at all choices of the Variant Subsystem. To find blocks that are active in simulation or code generation,
compile the model and use the built-in variant filters with the 'MatchFilter' option. To find all blocks use filter
'@Simulink.match.allVariants' with the 'MatchFilter' option.] 
[> In <a href="matlab:matlab.lang.internal.introspective.errorDocCallback('analyze_run', 'C:\Users\nikhi\Documents\MATLAB\MPC\A-MPC\analyze_run.m', 75)" style="font-weight:bold">analyze_run</a> (<a href="matlab: opentoline('C:\Users\nikhi\Documents\MATLAB\MPC\A-MPC\analyze_run.m',75,0)">line 75</a>)] 
Running simulation (this can take a while for long runs)...
-->Integrator added as output disturbance model for measured output #1.
-->Integrator added as output disturbance model for measured output #2.
-->"Model.Noise" is empty. Assuming white noise on each measured output.

===== RUN SUMMARY (5.0 days) =====
HP compressor starts (cycles) : 97
   -> 19.4 cycles/day   (0.81 cycles/hour)
Mean run length per cycle     : 45.7 min
Compressor ON fraction        : 61.5 %
Electricity consumed          : 290.7 kWh   (58.1 kWh/day)
Electricity cost (Tibber real): 113.19 EUR
Average price paid            : 0.3894 EUR/kWh  (market mean 0.3973)
--- Comfort ---
Room min / max                : 18.9 / 20.7 C
Hours below lower bound       : 1.2 h
Hours above upper bound       : 0.0 h
--- Buffer tank ---
Ttank min / mean / max        : 29.8 / 40.2 / 47.1 C
Ttank swing                   : 17.3 K
Tank standing loss            : 5.8 kWh  (1.15 kWh/day)
Stored heat change (end-start): +1.5 kWh thermal
=====================================
(avg paid ~= market mean is expected: the controller is not yet
 price-aware, so it does no load-shifting. That gap is the headroom.)

Saved to: C:\Users\nikhi\Documents\MATLAB\MPC\RESULTS\run_20260810_211956
