===== analyze_run 20260813_124114 =====
Results directory: C:\Users\nikhi\Documents\MATLAB\MPC\RESULTS\run_20260813_124114

--- Run configuration ---
  startDate        : 15-Jan-2025
  simulationDays   : 5
  Req              : 0.00273224
  C_air            : 7.46e+07
  T_room_min       : 19
  T_room_max       : 24
  T_room_max_ECR   : 1
  Weather window   : 15-Jan-2025  ->  19-Jan-2025 23:45:00
  StopTime         : 432000 s

[Warning: Using find_system without the 'Variants' argument skips inactive Variant Subsystem blocks in the search. This behavior will change in a future
release to look at all choices of the Variant Subsystem. To find blocks that are active in simulation or code generation, compile the model and use the
built-in variant filters with the 'MatchFilter' option. To find all blocks use filter '@Simulink.match.allVariants' with the 'MatchFilter' option.] 
[> In <a href="matlab:matlab.lang.internal.introspective.errorDocCallback('analyze_run', 'C:\Users\nikhi\Documents\MATLAB\MPC\A-MPC\analyze_run.m', 75)" style="font-weight:bold">analyze_run</a> (<a href="matlab: opentoline('C:\Users\nikhi\Documents\MATLAB\MPC\A-MPC\analyze_run.m',75,0)">line 75</a>)] 
Running simulation (this can take a while for long runs)...
-->Integrator added as output disturbance model for measured output #1.
-->Integrator added as output disturbance model for measured output #2.
-->"Model.Noise" is empty. Assuming white noise on each measured output.

===== RUN SUMMARY (5.0 days) =====
HP compressor starts (cycles) : 152
   -> 30.4 cycles/day   (1.27 cycles/hour)
Mean run length per cycle     : 37.4 min
Compressor ON fraction        : 78.7 %
Intervals below modulation floor: 31.4 %
Heat delivered                : 739.5 kWh   (147.9 kWh/day)
Electricity consumed          : 274.1 kWh   (54.8 kWh/day)
Seasonal performance factor   : 2.70
Electricity cost (Tibber real): 106.88 EUR
Average price paid            : 0.3899 EUR/kWh  (market mean 0.3973)
--- Comfort ---
Room min / max                : 18.4 / 20.5 C
Hours below lower bound       : 47.0 h
Hours above upper bound       : 0.0 h
--- Buffer tank ---
Ttank min / mean / max        : 26.6 / 38.7 / 44.7 C
Ttank swing                   : 18.1 K
Tank standing loss            : 5.4 kWh  (1.08 kWh/day)
Stored heat change (end-start): +2.3 kWh thermal
=====================================
Load shifting: paying 1.9 % BELOW the market mean.

Saved to: C:\Users\nikhi\Documents\MATLAB\MPC\RESULTS\run_20260813_124114
