===== analyze_run 20260813_125452 =====
Results directory: C:\Users\nikhi\Documents\MATLAB\MPC\RESULTS\run_20260813_125452

--- Run configuration ---
  startDate        : 15-Jan-2025
  simulationDays   : 5
  Req              : 0.00273224
  C_air            : 7.46e+07
  T_room_min       : 19
  T_room_max       : 24
  T_room_max_ECR   : 1
  Weather window   : 15-Jan-2025  ->  19-Jan-2025 23:45:00
  StopTime         : 432000 s

[Warning: Using find_system without the 'Variants' argument skips inactive Variant Subsystem blocks in the search. This behavior will change in a future release to look at all choices of the Variant Subsystem. To find blocks that are active in simulation or code generation, compile the model and use the built-in variant filters with the 'MatchFilter' option. To find all blocks use filter
'@Simulink.match.allVariants' with the 'MatchFilter' option.] 
[> In <a href="matlab:matlab.lang.internal.introspective.errorDocCallback('analyze_run', 'C:\Users\nikhi\Documents\MATLAB\MPC\A-MPC\analyze_run.m', 75)" style="font-weight:bold">analyze_run</a> (<a href="matlab: opentoline('C:\Users\nikhi\Documents\MATLAB\MPC\A-MPC\analyze_run.m',75,0)">line 75</a>)] 
Running simulation (this can take a while for long runs)...
-->Integrator added as output disturbance model for measured output #1.
-->Integrator added as output disturbance model for measured output #2.
-->"Model.Noise" is empty. Assuming white noise on each measured output.

===== RUN SUMMARY (5.0 days) =====
HP compressor starts (cycles) : 43
   -> 8.6 cycles/day   (0.36 cycles/hour)
Mean run length per cycle     : 141.1 min
Compressor ON fraction        : 84.1 %
Intervals below modulation floor: 7.3 %
Heat delivered                : 751.3 kWh   (150.3 kWh/day)
Electricity consumed          : 277.1 kWh   (55.4 kWh/day)
Seasonal performance factor   : 2.71
Electricity cost (Tibber real): 107.75 EUR
Average price paid            : 0.3889 EUR/kWh  (market mean 0.3973)
--- Comfort ---
Room min / max                : 18.5 / 20.5 C
Hours below lower bound       : 15.0 h
Hours above upper bound       : 0.0 h
--- Buffer tank ---
Ttank min / mean / max        : 27.5 / 39.2 / 44.6 C
Ttank swing                   : 17.1 K
Tank standing loss            : 5.5 kWh  (1.10 kWh/day)
Stored heat change (end-start): +2.6 kWh thermal
=====================================
Load shifting: paying 2.1 % BELOW the market mean.

Saved to: C:\Users\nikhi\Documents\MATLAB\MPC\RESULTS\run_20260813_125452
