===== analyze_run 20260819_214846 =====
Results directory: C:\Users\nikhi\Documents\MATLAB\MPC\RESULTS\run_20260819_214846

--- Run configuration ---
  startDate        : 15-Aug-2025
  simulationDays   : 10
  Req              : 0.00273224
  C_air            : 7.46e+07
  T_room_min       : 19
  T_room_max       : 23
  T_room_max_ECR   : 0.01
  Weather window   : 15-Aug-2025  ->  24-Aug-2025 23:45:00
  StopTime         : 864000 s

[Warning: Using find_system without the 'Variants' argument skips inactive Variant Subsystem blocks in the search. This behavior will change in a future release to look at all
choices of the Variant Subsystem. To find blocks that are active in simulation or code generation, compile the model and use the built-in variant filters with the 'MatchFilter'
option. To find all blocks use filter '@Simulink.match.allVariants' with the 'MatchFilter' option.] 
[> In <a href="matlab:matlab.lang.internal.introspective.errorDocCallback('analyze_run', 'C:\Users\nikhi\Documents\MATLAB\MPC\A-MPC\analyze_run.m', 75)" style="font-weight:bold">analyze_run</a> (<a href="matlab: opentoline('C:\Users\nikhi\Documents\MATLAB\MPC\A-MPC\analyze_run.m',75,0)">line 75</a>)] 
Running simulation (this can take a while for long runs)...
-->Integrator added as output disturbance model for measured output #1.
-->Integrator added as output disturbance model for measured output #2.
-->"Model.Noise" is empty. Assuming white noise on each measured output.

===== RUN SUMMARY (10.0 days) =====
HP compressor starts (cycles) : 270
   -> 27.0 cycles/day   (1.12 cycles/hour)
Mean run length per cycle     : 11.3 min
Compressor ON fraction        : 21.1 %
Intervals below modulation floor: 27.1 %
Heat delivered                : 288.0 kWh   (28.8 kWh/day)
Electricity consumed          : 52.0 kWh   (5.2 kWh/day)
Seasonal performance factor   : 5.54
Electricity cost (Tibber real): 16.98 EUR
Average price paid            : 0.3265 EUR/kWh  (market mean 0.3025)
--- Comfort ---
Room min / max                : 18.4 / 23.8 C
Hours below lower bound       : 3.2 h
Hours above upper bound       : 7.0 h
--- Buffer tank ---
Ttank min / mean / max        : 19.9 / 35.7 / 44.9 C
Ttank swing                   : 25.0 K
Tank standing loss            : 9.4 kWh  (0.94 kWh/day)
Stored heat change (end-start): +2.7 kWh thermal
=====================================
Load shifting: paying 8.0 % ABOVE the market mean -- the
 controller is running preferentially in expensive hours.

Saved to: C:\Users\nikhi\Documents\MATLAB\MPC\RESULTS\run_20260819_214846
